agent.ended Agent uuid.UUID
agent.ended Reason event.AgentReason
agent.ended Usage.CacheWriteTokens int
agent.ended Usage.CachedTokens int
agent.ended Usage.CompletionTokens int
agent.ended Usage.Cost float64
agent.ended Usage.HasCost bool
agent.ended Usage.Latency time.Duration
agent.ended Usage.Model string
agent.ended Usage.PromptTokens int
agent.ended Why string
agent.started Agent uuid.UUID
agent.started Name string
agent.started Task string
agent.started ToolCall uuid.UUID
auth.done Server string
auth.failed Reason string
auth.failed Server string
auth.waiting Server string
auth.waiting URL string
auth.waiting Until time.Time
notice Level string
notice Text string
output.chunk Line string
output.chunk Stderr bool
output.chunk ToolCall uuid.UUID
output.chunk UserCommand uuid.UUID
review.commented Base string
review.commented Comment.Author string
review.commented Comment.Body string
review.commented Comment.End int
review.commented Comment.ID uuid.UUID
review.commented Comment.Original string
review.commented Comment.Path string
review.commented Comment.Quote string
review.commented Comment.ReplyTo uuid.UUID
review.commented Comment.Side string
review.commented Comment.Start int
review.commented Head string
review.commented Op event.CommentOp
review.commented Review uuid.UUID
review.commented Reviewed uuid.UUID
review.commented Scope event.ReviewScope
review.diff Against string
review.diff Base string
review.diff Branch bool
review.diff Cut bool
review.diff Err string
review.diff Head string
review.submitted Comments int
review.submitted Review uuid.UUID
servers.listed Servers[].Auth string
servers.listed Servers[].Command string
servers.listed Servers[].Connected bool
servers.listed Servers[].Disabled bool
servers.listed Servers[].Err string
servers.listed Servers[].Name string
servers.listed Servers[].Tools int
session.loaded Err string
session.loaded Session uuid.UUID
session.resumed Records int
session.resumed Sandbox bool
session.resumed Session uuid.UUID
session.started ChildContextTokens int
session.started Commit string
session.started ContextTokens int
session.started Instructions[] string
session.started Judge string
session.started MaxAgents int
session.started MaxSteps int
session.started Model string
session.started Network bool
session.started Recorded bool
session.started Resumed int
session.started Sandbox bool
session.started Session uuid.UUID
session.started Skills[].Builtin bool
session.started Skills[].Description string
session.started Skills[].Name string
session.started Skills[].Project bool
session.started Skills[].UserInvocable bool
session.started Subagents bool
sessions.listed Sessions[].Events int
sessions.listed Sessions[].ID uuid.UUID
sessions.listed Sessions[].Model string
sessions.listed Sessions[].Name string
sessions.listed Sessions[].Started time.Time
sessions.listed Sessions[].Used time.Time
step.ended Agent uuid.UUID
step.ended Step uuid.UUID
step.ended Stop string
step.ended ToolCalls int
step.ended Turn uuid.UUID
step.ended Usage.CacheWriteTokens int
step.ended Usage.CachedTokens int
step.ended Usage.CompletionTokens int
step.ended Usage.Cost float64
step.ended Usage.HasCost bool
step.ended Usage.Latency time.Duration
step.ended Usage.Model string
step.ended Usage.PromptTokens int
step.started Agent uuid.UUID
step.started N int
step.started Step uuid.UUID
step.started Turn uuid.UUID
step.text Agent uuid.UUID
step.text Step uuid.UUID
step.text Text string
step.text Turn uuid.UUID
tool_call.approval Agent uuid.UUID
tool_call.approval Args{} interface {}
tool_call.approval Rationale string
tool_call.approval Risk.Dangerous bool
tool_call.approval Risk.FromJudge bool
tool_call.approval Risk.Mutability string
tool_call.approval Risk.Note string
tool_call.approval Risk.ScopeRisk float64
tool_call.approval Tool string
tool_call.approval ToolCall uuid.UUID
tool_call.assessed Risk.Dangerous bool
tool_call.assessed Risk.FromJudge bool
tool_call.assessed Risk.Mutability string
tool_call.assessed Risk.Note string
tool_call.assessed Risk.ScopeRisk float64
tool_call.assessed ToolCall uuid.UUID
tool_call.ended Result.Err string
tool_call.ended Result.ExitCode int
tool_call.ended Result.Stderr string
tool_call.ended Result.Stdout string
tool_call.ended Result.Truncated bool
tool_call.ended Took time.Duration
tool_call.ended ToolCall uuid.UUID
tool_call.judged Attention float64
tool_call.judged FromJudge bool
tool_call.judged GoalAchieved float64
tool_call.judged RenderKind event.RenderKind
tool_call.judged Status event.Status
tool_call.judged ToolCall uuid.UUID
tool_call.proposed Agent uuid.UUID
tool_call.proposed Args{} interface {}
tool_call.proposed Executor string
tool_call.proposed Rationale string
tool_call.proposed Renders event.RenderKind
tool_call.proposed Step uuid.UUID
tool_call.proposed Tool string
tool_call.proposed ToolCall uuid.UUID
tool_call.started Runner string
tool_call.started ToolCall uuid.UUID
transcript.appended Agent uuid.UUID
transcript.appended Messages[].Content string
transcript.appended Messages[].RequestID string
transcript.appended Messages[].Requests[].Args{} interface {}
transcript.appended Messages[].Requests[].Err string
transcript.appended Messages[].Requests[].ID string
transcript.appended Messages[].Requests[].Name string
transcript.appended Messages[].Role event.Role
transcript.appended Step uuid.UUID
transcript.appended Turn uuid.UUID
transcript.compacted Dropped int
transcript.compacted Note string
transcript.compacted Turn uuid.UUID
transcript.measured Budget int
transcript.measured Exact bool
transcript.measured Fixed[].Detail string
transcript.measured Fixed[].Largest string
transcript.measured Fixed[].LargestTokens int
transcript.measured Fixed[].N int
transcript.measured Fixed[].Name string
transcript.measured Fixed[].Open bool
transcript.measured Fixed[].Tokens int
transcript.measured Growth int
transcript.measured History[].Detail string
transcript.measured History[].Largest string
transcript.measured History[].LargestTokens int
transcript.measured History[].N int
transcript.measured History[].Name string
transcript.measured History[].Open bool
transcript.measured History[].Tokens int
transcript.measured Total int
turn.bound Steps int
turn.bound ToolCalls int
turn.bound Turn uuid.UUID
turn.checkpoint Snapshot string
turn.checkpoint Tree string
turn.checkpoint Turn uuid.UUID
turn.ended Reason event.EndReason
turn.ended Summary string
turn.ended Tree string
turn.ended Turn uuid.UUID
turn.ended Usage.CacheWriteTokens int
turn.ended Usage.CachedTokens int
turn.ended Usage.CompletionTokens int
turn.ended Usage.Cost float64
turn.ended Usage.HasCost bool
turn.ended Usage.Latency time.Duration
turn.ended Usage.Model string
turn.ended Usage.PromptTokens int
turn.rolledback RevertFiles bool
turn.rolledback Turn uuid.UUID
turn.started N int
turn.started Prompt string
turn.started Turn uuid.UUID
user_command.ended Result.Err string
user_command.ended Result.ExitCode int
user_command.ended Result.Stderr string
user_command.ended Result.Stdout string
user_command.ended Result.Truncated bool
user_command.ended Took time.Duration
user_command.ended UserCommand uuid.UUID
user_command.started Command string
user_command.started Runner string
user_command.started UserCommand uuid.UUID
view.ready Source string
view.ready Spec viewspec.Spec
view.ready ToolCall uuid.UUID
view.ready UserCommand uuid.UUID
